// Jest Snapshot v1, https://goo.gl/fbAQLP

exports[`GenerateInterfaces generateInterfaces should compile schema to TypeScript interfaces 1`] = `
"
export interface Person {
    firstName: string;
    lastName: string;
    age: Test;
}
"
`;
